============================= test session starts ==============================
platform linux -- Python 3.12.3, pytest-7.4.4, pluggy-1.4.0
rootdir: /home/helge/diplomacy
collected 2 items

new_implementation/src/tests/test_client.py ..                           [100%]

============================== 2 passed in 0.01s ===============================
